Archive member included because of file (symbol)

../cross_compiler/lib/gcc/arm-none-eabi/4.8.1//libgcc.a(_udivsi3.o)
                              binaries/qsort.o (__aeabi_uidiv)
../cross_compiler/lib/gcc/arm-none-eabi/4.8.1//libgcc.a(_divsi3.o)
                              binaries/doprnt.o (__aeabi_idiv)
../cross_compiler/lib/gcc/arm-none-eabi/4.8.1//libgcc.a(_dvmd_tls.o)
                              ../cross_compiler/lib/gcc/arm-none-eabi/4.8.1//libgcc.a(_udivsi3.o) (__aeabi_idiv0)
../cross_compiler/lib/gcc/arm-none-eabi/4.8.1//libgcc.a(_arm_addsubdf3.o)
                              binaries/main.o (__aeabi_ui2d)
../cross_compiler/lib/gcc/arm-none-eabi/4.8.1//libgcc.a(_arm_muldivdf3.o)
                              binaries/main.o (__aeabi_dmul)
../cross_compiler/lib/gcc/arm-none-eabi/4.8.1//libgcc.a(_arm_cmpdf2.o)
                              binaries/doprnt.o (__aeabi_dcmplt)
../cross_compiler/lib/gcc/arm-none-eabi/4.8.1//libgcc.a(_arm_fixdfsi.o)
                              binaries/doprnt.o (__aeabi_d2iz)
../cross_compiler/lib/gcc/arm-none-eabi/4.8.1//libgcc.a(_arm_truncdfsf2.o)
                              binaries/main.o (__aeabi_d2f)
../cross_compiler/lib/gcc/arm-none-eabi/4.8.1//libgcc.a(_arm_fixunssfsi.o)
                              binaries/main.o (__aeabi_f2uiz)

Allocating common symbols
Common symbol       size              file

netbufpool          0x4               binaries/net.o
readylist           0x2               binaries/ready.o
rfltab              0x5a0             binaries/rflinit.o
netportseed         0x4               binaries/net.o
sleepq              0x2               binaries/clkinit.o
intc_vector         0x200             binaries/evec.o
nnames              0x4               binaries/naminit.o
udptab              0x168             binaries/udp.o
minheap             0x4               binaries/meminit.o
marks               0x50              binaries/mark.o
currpid             0x4               binaries/initialize.o
Lf_data             0x20c             binaries/lfsinit.o
porttab             0x2d0             binaries/ptinit.o
ttytab              0x110             binaries/ttyinit.o
proctab             0x15e0            binaries/initialize.o
eth_a_regs          0x1c              binaries/ethinit.o
prcount             0x4               binaries/initialize.o
lfltab              0xf00             binaries/lflinit.o
rdstab              0x8c              binaries/rdsinit.o
ethertab            0x138             binaries/ethinit.o
NetData             0xb0              binaries/net.o
clktime_ms          0x4               binaries/clkinit.o
nmarks              0x4               binaries/mark.o
Defer               0x8               binaries/resched.o
semtab              0x4b0             binaries/initialize.o
maxheap             0x4               binaries/meminit.o
preempt             0x4               binaries/clkinit.o
buftab              0xf0              binaries/bufinit.o
Rf_data             0x18              binaries/rfsinit.o
mkmutex             0x4               binaries/mark.o
clktime             0x4               binaries/clkinit.o
arpcache            0x140             binaries/arp.o
icmptab             0x230             binaries/icmp.o
nbpools             0x4               binaries/bufinit.o
queuetab            0x980             binaries/queue.o
ptnextid            0x4               binaries/ptinit.o
Ram                 0x19000           binaries/raminit.o
ipoqueue            0x2c              binaries/ip.o
memlist             0x8               binaries/initialize.o
nametab             0x19a0            binaries/naminit.o
ptfree              0x4               binaries/ptinit.o

Memory Configuration

Name             Origin             Length             Attributes
*default*        0x00000000         0xffffffff

Linker script and memory map

                0x81000000                physbase = 0x81000000
                0x81000000                . = physbase
                0x81000000                . = ALIGN (0x1000)

.text           0x81000000    0x16000
                0x81000000                text = ABSOLUTE (.)
 *(.text .text.*)
 .text          0x81000000       0x4c binaries/start.o
                0x81000000                start
 .text          0x8100004c      0x33c binaries/ascdate.o
                0x8100004c                ascdate
 .text          0x81000388       0x18 binaries/bufinit.o
                0x81000388                bufinit
 .text          0x810003a0       0x68 binaries/chprio.o
                0x810003a0                chprio
 .text          0x81000408      0x104 binaries/clkhandler.o
                0x81000408                clkhandler
 .text          0x8100050c       0xe0 binaries/clkinit.o
                0x8100050c                clkinit
 .text          0x810005ec       0x50 binaries/close.o
                0x810005ec                close
 .text          0x8100063c        0x0 binaries/conf.o
 .text          0x8100063c       0x68 binaries/control.o
                0x8100063c                control
 .text          0x810006a4      0x290 binaries/create.o
                0x810006a4                create
 .text          0x81000934       0xb0 binaries/evec.o
                0x81000934                initintc
                0x81000960                set_evec
                0x810009a0                irq_dispatch
 .text          0x810009e4       0x10 binaries/exit.o
                0x810009e4                exit
 .text          0x810009f4       0x7c binaries/freebuf.o
                0x810009f4                freebuf
 .text          0x81000a70      0x148 binaries/freemem.o
                0x81000a70                freemem
 .text          0x81000bb8       0x78 binaries/getbuf.o
                0x81000bb8                getbuf
 .text          0x81000c30       0x50 binaries/getc.o
                0x81000c30                getc
 .text          0x81000c80       0x68 binaries/getdev.o
                0x81000c80                getdev
 .text          0x81000ce8       0xa0 binaries/getitem.o
                0x81000ce8                getitem
                0x81000d18                getfirst
                0x81000d4c                getlast
 .text          0x81000d88      0x108 binaries/getmem.o
                0x81000d88                getmem
 .text          0x81000e90       0x10 binaries/getpid.o
                0x81000e90                getpid
 .text          0x81000ea0       0x5c binaries/getprio.o
                0x81000ea0                getprio
 .text          0x81000efc       0xc8 binaries/getstk.o
                0x81000efc                getstk
 .text          0x81000fc4        0x8 binaries/getticks.o
                0x81000fc4                getticks
 .text          0x81000fcc       0x38 binaries/gettime.o
                0x81000fcc                gettime
 .text          0x81001004      0x1f4 binaries/getutime.o
                0x81001004                getutime
 .text          0x810011f8       0x50 binaries/init.o
                0x810011f8                init
 .text          0x81001248      0x348 binaries/initialize.o
                0x810012ec                nulluser
                0x81001530                stop
                0x81001554                delay
 .text          0x81001590       0xd0 binaries/insert.o
                0x81001590                insert
 .text          0x81001660      0x134 binaries/insertd.o
                0x81001660                insertd
 .text          0x81001794        0x8 binaries/ioerr.o
                0x81001794                ioerr
 .text          0x8100179c        0x8 binaries/ionull.o
                0x8100179c                ionull
 .text          0x810017a4      0x158 binaries/kill.o
                0x810017a4                kill
 .text          0x810018fc       0xd0 binaries/kprintf.o
                0x810018fc                kputc
                0x8100194c                kgetc
                0x8100198c                kprintf
 .text          0x810019cc      0x5ec binaries/main.o
                0x810019cc                sendData
                0x81001a98                receiveData
                0x81001b9c                readLED
                0x81001bc4                writeLED
                0x81001bec                writeSSD
                0x81001d30                readTMP
                0x81001d64                main
 .text          0x81001fb8       0xd0 binaries/mark.o
                0x81001fb8                markinit
                0x81001fe4                mark
 .text          0x81002088       0x48 binaries/meminit.o
                0x81002088                meminit
 .text          0x810020d0      0x140 binaries/mkbufpool.o
                0x810020d0                mkbufpool
 .text          0x81002210       0x7c binaries/newqueue.o
                0x81002210                newqueue
 .text          0x8100228c       0x60 binaries/open.o
                0x8100228c                open
 .text          0x810022ec       0x20 binaries/panic.o
                0x810022ec                panic
 .text          0x8100230c       0xac binaries/platinit.o
                0x8100230c                counterinit
                0x81002324                platinit
 .text          0x810023b8       0xa8 binaries/ptclear.o
                0x810023b8                _ptclear
 .text          0x81002460       0x78 binaries/ptcount.o
                0x81002460                ptcount
 .text          0x810024d8       0xdc binaries/ptcreate.o
                0x810024d8                ptcreate
 .text          0x810025b4       0x74 binaries/ptdelete.o
                0x810025b4                ptdelete
 .text          0x81002628       0xbc binaries/ptinit.o
                0x81002628                ptinit
 .text          0x810026e4       0xd0 binaries/ptrecv.o
                0x810026e4                ptrecv
 .text          0x810027b4       0x68 binaries/ptreset.o
                0x810027b4                ptreset
 .text          0x8100281c       0xf4 binaries/ptsend.o
                0x8100281c                ptsend
 .text          0x81002910       0x58 binaries/putc.o
                0x81002910                putc
 .text          0x81002968       0xf4 binaries/queue.o
                0x81002968                enqueue
                0x81002a00                dequeue
 .text          0x81002a5c       0x60 binaries/read.o
                0x81002a5c                read
 .text          0x81002abc       0x74 binaries/ready.o
                0x81002abc                ready
 .text          0x81002b30       0x60 binaries/receive.o
                0x81002b30                receive
 .text          0x81002b90       0x48 binaries/recvclr.o
                0x81002b90                recvclr
 .text          0x81002bd8       0xb0 binaries/recvtime.o
                0x81002bd8                recvtime
 .text          0x81002c88      0x1ac binaries/resched.o
                0x81002c88                resched
                0x81002d78                resched_cntl
 .text          0x81002e34       0x90 binaries/resume.o
                0x81002e34                resume
 .text          0x81002ec4       0x58 binaries/seek.o
                0x81002ec4                seek
 .text          0x81002f1c       0x58 binaries/semcount.o
                0x81002f1c                semcount
 .text          0x81002f74       0xb8 binaries/semcreate.o
                0x81002f74                semcreate
 .text          0x8100302c       0xac binaries/semdelete.o
                0x8100302c                semdelete
 .text          0x810030d8       0xa4 binaries/semreset.o
                0x810030d8                semreset
 .text          0x8100317c       0xc0 binaries/send.o
                0x8100317c                send
 .text          0x8100323c       0x80 binaries/signal.o
                0x8100323c                signal
 .text          0x810032bc       0xb0 binaries/signaln.o
                0x810032bc                signaln
 .text          0x8100336c       0xcc binaries/sleep.o
                0x8100336c                sleepms
                0x81003408                sleep
 .text          0x81003438       0xbc binaries/suspend.o
                0x81003438                suspend
 .text          0x810034f4       0xb8 binaries/unsleep.o
                0x810034f4                unsleep
 .text          0x810035ac       0x10 binaries/userret.o
                0x810035ac                userret
 .text          0x810035bc       0xac binaries/wait.o
                0x810035bc                wait
 .text          0x81003668       0xa0 binaries/wakeup.o
                0x81003668                wakeup
 .text          0x81003708       0x60 binaries/write.o
                0x81003708                write
 .text          0x81003768       0x18 binaries/xdone.o
                0x81003768                xdone
 .text          0x81003780       0x20 binaries/yield.o
                0x81003780                yield
 .text          0x810037a0        0xc binaries/abs.o
                0x810037a0                abs
 .text          0x810037ac      0x114 binaries/atoi.o
                0x810037ac                atoi
 .text          0x810038c0      0x114 binaries/atol.o
                0x810038c0                atol
 .text          0x810039d4       0x20 binaries/bzero.o
                0x810039d4                bzero
 .text          0x810039f4        0x0 binaries/ctype_.o
 .text          0x810039f4      0xa34 binaries/doprnt.o
                0x81003c14                _doprnt
 .text          0x81004428      0x704 binaries/doscan.o
                0x81004428                _doscan
 .text          0x81004b2c      0x898 binaries/fdoprnt.o
                0x81004bd8                _fdoprnt
 .text          0x810053c4       0x14 binaries/fgetc.o
                0x810053c4                fgetc
 .text          0x810053d8       0x84 binaries/fgets.o
                0x810053d8                fgets
 .text          0x8100545c       0x3c binaries/fprintf.o
                0x8100545c                fprintf
 .text          0x81005498       0x24 binaries/fputc.o
                0x81005498                fputc
 .text          0x810054bc       0x38 binaries/fputs.o
                0x810054bc                fputs
 .text          0x810054f4       0x78 binaries/fscanf.o
                0x81005528                fscanf
 .text          0x8100556c       0x2c binaries/getchar.o
                0x8100556c                getchar
 .text          0x81005598        0xc binaries/labs.o
                0x81005598                labs
 .text          0x810055a4        0x0 binaries/memchr.o
 .text          0x810055a4       0x60 binaries/memcmp.o
                0x810055a4                memcmp
 .text          0x81005604       0x24 binaries/memcpy.o
                0x81005604                memcpy
 .text          0x81005628       0x20 binaries/memset.o
                0x81005628                memset
 .text          0x81005648       0x58 binaries/printf.o
                0x81005648                printf
 .text          0x810056a0       0x2c binaries/putchar.o
                0x810056a0                putchar
 .text          0x810056cc      0x254 binaries/qsort.o
                0x81005900                qsort
 .text          0x81005920       0x7c binaries/rand.o
                0x81005920                rand
                0x81005958                rand_r
                0x8100598c                srand
 .text          0x8100599c       0x68 binaries/sprintf.o
                0x810059b4                sprintf
 .text          0x81005a04       0x78 binaries/sscanf.o
                0x81005a38                sscanf
 .text          0x81005a7c       0x48 binaries/strchr.o
                0x81005a7c                strchr
 .text          0x81005ac4       0x54 binaries/strcmp.o
                0x81005ac4                strcmp
 .text          0x81005b18       0x18 binaries/strcpy.o
                0x81005b18                strcpy
 .text          0x81005b30       0x30 binaries/strlen.o
                0x81005b30                strlen
 .text          0x81005b60       0x50 binaries/strncat.o
                0x81005b60                strncat
 .text          0x81005bb0       0x54 binaries/strncmp.o
                0x81005bb0                strncmp
 .text          0x81005c04       0x80 binaries/strncpy.o
                0x81005c04                strncpy
 .text          0x81005c84       0x48 binaries/strnlen.o
                0x81005c84                strnlen
 .text          0x81005ccc       0x58 binaries/strrchr.o
                0x81005ccc                strrchr
 .text          0x81005d24       0xb0 binaries/strstr.o
                0x81005d24                strstr
 .text          0x81005dd4       0xc8 binaries/ttycontrol.o
                0x81005dd4                ttycontrol
 .text          0x81005e9c       0x6c binaries/ttygetc.o
                0x81005e9c                ttygetc
 .text          0x81005f08      0x4d8 binaries/ttyhandle_in.o
                0x81005fd4                ttyhandle_in
 .text          0x810063e0      0x14c binaries/ttyhandle_out.o
                0x810063e0                ttyhandle_out
 .text          0x8100652c       0xc8 binaries/ttyhandler.o
                0x8100652c                ttyhandler
 .text          0x810065f4      0x120 binaries/ttyinit.o
                0x810065f4                ttyinit
 .text          0x81006714        0xc binaries/ttykickout.o
                0x81006714                ttykickout
 .text          0x81006720       0x78 binaries/ttyputc.o
                0x81006720                ttyputc
 .text          0x81006798      0x110 binaries/ttyread.o
                0x81006798                ttyread
 .text          0x810068a8       0x4c binaries/ttywrite.o
                0x810068a8                ttywrite
 .text          0x810068f4      0x134 binaries/mount.o
                0x810068f4                namlen
                0x81006948                mount
 .text          0x81006a28      0x1c8 binaries/naminit.o
                0x81006a28                naminit
 .text          0x81006bf0      0x240 binaries/nammap.o
                0x81006bf0                namrepl
                0x81006d28                namcpy
                0x81006d84                nammap
 .text          0x81006e30       0x40 binaries/namopen.o
                0x81006e30                namopen
 .text          0x81006e70       0x40 binaries/ethcontrol.o
                0x81006e70                ethcontrol
 .text          0x81006eb0      0x178 binaries/ethhandler.o
                0x81006eb0                ethhandler
 .text          0x81007028      0x734 binaries/ethinit.o
                0x81007028                eth_phy_read
                0x81007098                eth_phy_write
                0x810070f0                eth_phy_reset
                0x81007260                ethinit
 .text          0x8100775c       0xd8 binaries/ethread.o
                0x8100775c                ethread
 .text          0x81007834       0xf0 binaries/ethwrite.o
                0x81007834                ethwrite
 .text          0x81007924       0x90 binaries/rdsbufalloc.o
                0x81007924                rdsbufalloc
 .text          0x810079b4       0xa0 binaries/rdsclose.o
                0x810079b4                rdsclose
 .text          0x81007a54      0x20c binaries/rdscomm.o
                0x81007a54                rdscomm
 .text          0x81007c60      0x1a0 binaries/rdscontrol.o
                0x81007c60                rdscontrol
 .text          0x81007e00      0x180 binaries/rdsinit.o
                0x81007e00                rdsinit
 .text          0x81007f80      0x134 binaries/rdsopen.o
                0x81007f80                rdsopen
 .text          0x810080b4      0x304 binaries/rdsprocess.o
                0x810080b4                rdsprocess
 .text          0x810083b8      0x210 binaries/rdsread.o
                0x810083b8                rdsread
 .text          0x810085c8      0x184 binaries/rdswrite.o
                0x810085c8                rdswrite
 .text          0x8100874c        0x8 binaries/ramclose.o
                0x8100874c                ramclose
 .text          0x81008754       0x3c binaries/raminit.o
                0x81008754                raminit
 .text          0x81008790        0x8 binaries/ramopen.o
                0x81008790                ramopen
 .text          0x81008798       0x24 binaries/ramread.o
                0x81008798                ramread
 .text          0x810087bc       0x20 binaries/ramwrite.o
                0x810087bc                ramwrite
 .text          0x810087dc       0x94 binaries/lfdballoc.o
                0x810087dc                lfdballoc
 .text          0x81008870       0x4c binaries/lfdbfree.o
                0x81008870                lfdbfree
 .text          0x810088bc       0xb8 binaries/lfflush.o
                0x810088bc                lfflush
 .text          0x81008974       0xc8 binaries/lfgetmode.o
                0x81008974                lfgetmode
 .text          0x81008a3c       0x6c binaries/lfiballoc.o
                0x81008a3c                lfiballoc
 .text          0x81008aa8       0x30 binaries/lfibclear.o
                0x81008aa8                lfibclear
 .text          0x81008ad8       0x64 binaries/lfibget.o
                0x81008ad8                lfibget
 .text          0x81008b3c       0x8c binaries/lfibput.o
                0x81008b3c                lfibput
 .text          0x81008bc8       0x84 binaries/lflclose.o
                0x81008bc8                lflclose
 .text          0x81008c4c       0xa0 binaries/lflcontrol.o
                0x81008c4c                lflcontrol
 .text          0x81008cec       0xa8 binaries/lflgetc.o
                0x81008cec                lflgetc
 .text          0x81008d94       0xa8 binaries/lflinit.o
                0x81008d94                lflinit
 .text          0x81008e3c       0xdc binaries/lflputc.o
                0x81008e3c                lflputc
 .text          0x81008f18       0x78 binaries/lflread.o
                0x81008f18                lflread
 .text          0x81008f90       0x80 binaries/lflseek.o
                0x81008f90                lflseek
 .text          0x81009010       0x5c binaries/lflwrite.o
                0x81009010                lflwrite
 .text          0x8100906c       0xa0 binaries/lfscheck.o
                0x8100906c                lfscheck
 .text          0x8100910c      0x144 binaries/lfsckfmt.o
                0x8100910c                lfsckfmt
 .text          0x81009250      0x15c binaries/lfscreate.o
                0x81009250                lfscreate
 .text          0x810093ac      0x1f0 binaries/lfsetup.o
                0x810093ac                lfsetup
 .text          0x8100959c       0x44 binaries/lfsinit.o
                0x8100959c                lfsinit
 .text          0x810095e0      0x358 binaries/lfsopen.o
                0x810095e0                lfsopen
 .text          0x81009938      0x108 binaries/lftruncate.o
                0x81009938                lftruncate
 .text          0x81009a40       0x70 binaries/rflclose.o
                0x81009a40                rflclose
 .text          0x81009ab0       0x28 binaries/rflgetc.o
                0x81009ab0                rflgetc
 .text          0x81009ad8       0x54 binaries/rflinit.o
                0x81009ad8                rflinit
 .text          0x81009b2c       0x30 binaries/rflputc.o
                0x81009b2c                rflputc
 .text          0x81009b5c      0x28c binaries/rflread.o
                0x81009b5c                rflread
 .text          0x81009de8       0x74 binaries/rflseek.o
                0x81009de8                rflseek
 .text          0x81009e5c      0x2c8 binaries/rflwrite.o
                0x81009e5c                rflwrite
 .text          0x8100a124      0x198 binaries/rfscomm.o
                0x8100a124                rfscomm
 .text          0x8100a2bc      0x224 binaries/rfscontrol.o
                0x8100a2bc                rfscontrol
 .text          0x8100a4e0       0xc8 binaries/rfsgetmode.o
                0x8100a4e0                rfsgetmode
 .text          0x8100a5a8       0x84 binaries/rfsinit.o
                0x8100a5a8                rfsinit
 .text          0x8100a62c       0xa4 binaries/rfsndmsg.o
                0x8100a62c                rfsndmsg
 .text          0x8100a6d0      0x22c binaries/rfsopen.o
                0x8100a6d0                rfsopen
 .text          0x8100a8fc       0x8c binaries/spicontrol.o
                0x8100a8fc                spicontrol
 .text          0x8100a988       0xa8 binaries/spiinit.o
                0x8100a988                spiinit
 .text          0x8100aa30      0x714 binaries/arp.o
                0x8100aa30                arp_init
                0x8100aa50                arp_alloc
                0x8100ab24                arp_ntoh
                0x8100abc8                arp_hton
                0x8100ac6c                arp_resolve
                0x8100aed0                arp_in
 .text          0x8100b144      0x6b0 binaries/dhcp.o
                0x8100b144                dhcp_get_opt_val
                0x8100b1a4                dhcp_bld_bootp_msg
                0x8100b29c                dhcp_bld_disc
                0x8100b2f0                dhcp_bld_req
                0x8100b3b4                getlocalip
 .text          0x8100b7f4      0x56c binaries/dns.o
                0x8100b8dc                dnslookup
 .text          0x8100bd60      0x120 binaries/dot2ip.o
                0x8100bd60                dot2ip
 .text          0x8100be80      0x33c binaries/hexdump.o
                0x8100be80                hexdump
                0x8100bfe0                hexadump
 .text          0x8100c1bc      0x660 binaries/icmp.o
                0x8100c1bc                icmp_init
                0x8100c1e0                icmp_register
                0x8100c29c                icmp_recv
                0x8100c3ec                icmp_mkpkt
                0x8100c4dc                icmp_in
                0x8100c628                icmp_send
                0x8100c698                icmp_release
                0x8100c754                icmp_cksum
                0x8100c7b4                icmp_hton
                0x8100c7e8                icmp_ntoh
 .text          0x8100c81c      0x674 binaries/ip.o
                0x8100c81c                ip_local
                0x8100c84c                ipcksum
                0x8100c890                ip_ntoh
                0x8100c934                ip_in
                0x8100ca70                ip_hton
                0x8100cb14                ip_out
                0x8100cbc8                ip_send
                0x8100ccf8                ipout
                0x8100cdf4                ip_enqueue
 .text          0x8100ce90      0x228 binaries/net.o
                0x8100ce90                net_init
                0x8100cf98                eth_hton
                0x8100cfac                eth_ntoh
                0x8100cfc0                netin
                0x8100d068                getport
 .text          0x8100d0b8      0x9dc binaries/pdump.o
                0x8100d0b8                pdump
                0x8100d644                pdumph
 .text          0x8100da94      0x56c binaries/tftp.o
                0x8100da94                tftp_send1
                0x8100db80                tftpget_mb
                0x8100dfcc                tftpget
 .text          0x8100e000      0x890 binaries/udp.o
                0x8100e000                udp_init
                0x8100e028                udp_in
                0x8100e114                udp_register
                0x8100e210                udp_recv
                0x8100e344                udp_recvaddr
                0x8100e494                udp_send
                0x8100e60c                udp_sendto
                0x8100e76c                udp_release
                0x8100e828                udp_ntoh
                0x8100e85c                udp_hton
 .text          0x8100e890      0x120 binaries/addargs.o
                0x8100e890                addargs
 .text          0x8100e9b0      0x2b4 binaries/lexan.o
                0x8100e9b0                lexan
 .text          0x8100ec64      0x6ac binaries/shell.o
                0x8100ec64                shell
 .text          0x8100f310       0x64 binaries/xsh_argecho.o
                0x8100f310                xsh_argecho
 .text          0x8100f374      0x1f8 binaries/xsh_arp.o
                0x8100f374                xsh_arp
 .text          0x8100f56c      0x23c binaries/xsh_cat.o
                0x8100f56c                xsh_cat
 .text          0x8100f7a8       0x5c binaries/xsh_clear.o
                0x8100f7a8                xsh_clear
 .text          0x8100f804      0x29c binaries/xsh_date.o
                0x8100f804                xsh_date
 .text          0x8100faa0       0x98 binaries/xsh_devdump.o
                0x8100faa0                xsh_devdump
 .text          0x8100fb38       0x68 binaries/xsh_echo.o
                0x8100fb38                xsh_echo
 .text          0x8100fba0        0x8 binaries/xsh_exit.o
                0x8100fba0                xsh_exit
 .text          0x8100fba8      0x3d0 binaries/xsh_help.o
                0x8100fba8                xsh_help
 .text          0x8100ff78      0x1f8 binaries/xsh_kill.o
                0x8100ff78                xsh_kill
 .text          0x81010170      0x490 binaries/xsh_memdump.o
                0x8101026c                xsh_memdump
 .text          0x81010600      0x224 binaries/xsh_memstat.o
                0x81010600                xsh_memstat
 .text          0x81010824      0x3fc binaries/xsh_netinfo.o
                0x81010824                xsh_netinfo
 .text          0x81010c20      0x3b0 binaries/xsh_ping.o
                0x81010c20                xsh_ping
 .text          0x81010fd0      0x220 binaries/xsh_ps.o
                0x81010fd0                xsh_ps
 .text          0x810111f0      0x1cc binaries/xsh_sleep.o
                0x810111f0                xsh_sleep
 .text          0x810113bc      0x244 binaries/xsh_udpdump.o
                0x810113bc                xsh_udpdump
 .text          0x81011600      0x400 binaries/xsh_udpecho.o
                0x81011600                xsh_udpecho
 .text          0x81011a00      0x254 binaries/xsh_udpserver.o
                0x81011a00                xsh_udpeserver
 .text          0x81011c54      0x1ac binaries/xsh_uptime.o
                0x81011c54                xsh_uptime
 .text          0x81011e00       0x2c binaries/ledinit.o
                0x81011e00                ledinit
 .text          0x81011e2c       0x3c binaries/ledread.o
                0x81011e2c                ledread
 .text          0x81011e68       0x5c binaries/ledwrite.o
                0x81011e68                ledwrite
 .text          0x81011ec4       0x20 binaries/ssdinit.o
                0x81011ec4                ssdinit
 .text          0x81011ee4      0x278 binaries/ssdwrite.o
                0x81011ee4                ssdwrite
 .text          0x8101215c      0x128 binaries/tmpinit.o
                0x8101215c                tmpinit
 .text          0x81012284       0x68 binaries/tmpread.o
                0x81012284                tmpread
 .text          0x810122ec       0x2c binaries/ctxsw.o
                0x810122ec                ctxsw
 .text          0x81012318      0x100 binaries/intr.o
                0x81012318                disable
                0x81012324                restore
                0x81012348                enable
                0x81012350                pause
                0x81012350                halt
                0x81012358                irq_except
                0x81012388                initevec
                0x810123e8                expjmpinstr
 .text          0x81012418      0x114 ../cross_compiler/lib/gcc/arm-none-eabi/4.8.1//libgcc.a(_udivsi3.o)
                0x81012418                __udivsi3
                0x81012418                __aeabi_uidiv
                0x8101250c                __aeabi_uidivmod
 .text          0x8101252c      0x148 ../cross_compiler/lib/gcc/arm-none-eabi/4.8.1//libgcc.a(_divsi3.o)
                0x8101252c                __aeabi_idiv
                0x8101252c                __divsi3
                0x81012654                __aeabi_idivmod
 .text          0x81012674        0x4 ../cross_compiler/lib/gcc/arm-none-eabi/4.8.1//libgcc.a(_dvmd_tls.o)
                0x81012674                __aeabi_ldiv0
                0x81012674                __aeabi_idiv0
 .text          0x81012678      0x41c ../cross_compiler/lib/gcc/arm-none-eabi/4.8.1//libgcc.a(_arm_addsubdf3.o)
                0x81012678                __aeabi_drsub
                0x81012680                __aeabi_dsub
                0x81012680                __subdf3
                0x81012684                __adddf3
                0x81012684                __aeabi_dadd
                0x81012994                __aeabi_ui2d
                0x81012994                __floatunsidf
                0x810129b8                __floatsidf
                0x810129b8                __aeabi_i2d
                0x810129e0                __extendsfdf2
                0x810129e0                __aeabi_f2d
                0x81012a20                __aeabi_ul2d
                0x81012a20                __floatundidf
                0x81012a34                __floatdidf
                0x81012a34                __aeabi_l2d
 .text          0x81012a94      0x49c ../cross_compiler/lib/gcc/arm-none-eabi/4.8.1//libgcc.a(_arm_muldivdf3.o)
                0x81012a94                __aeabi_dmul
                0x81012a94                __muldf3
                0x81012d24                __aeabi_ddiv
                0x81012d24                __divdf3
 .text          0x81012f30      0x144 ../cross_compiler/lib/gcc/arm-none-eabi/4.8.1//libgcc.a(_arm_cmpdf2.o)
                0x81012f30                __gtdf2
                0x81012f30                __gedf2
                0x81012f38                __ltdf2
                0x81012f38                __ledf2
                0x81012f40                __cmpdf2
                0x81012f40                __eqdf2
                0x81012f40                __nedf2
                0x81012fc8                __aeabi_cdrcmple
                0x81012fe4                __aeabi_cdcmple
                0x81012fe4                __aeabi_cdcmpeq
                0x81012ffc                __aeabi_dcmpeq
                0x81013014                __aeabi_dcmplt
                0x8101302c                __aeabi_dcmple
                0x81013044                __aeabi_dcmpge
                0x8101305c                __aeabi_dcmpgt
 .text          0x81013074       0x5c ../cross_compiler/lib/gcc/arm-none-eabi/4.8.1//libgcc.a(_arm_fixdfsi.o)
                0x81013074                __fixdfsi
                0x81013074                __aeabi_d2iz
 .text          0x810130d0       0xa0 ../cross_compiler/lib/gcc/arm-none-eabi/4.8.1//libgcc.a(_arm_truncdfsf2.o)
                0x810130d0                __aeabi_d2f
                0x810130d0                __truncdfsf2
 .text          0x81013170       0x54 ../cross_compiler/lib/gcc/arm-none-eabi/4.8.1//libgcc.a(_arm_fixunssfsi.o)
                0x81013170                __aeabi_f2uiz
                0x81013170                __fixunssfsi
 *(.rodata .rodata.*)
 .rodata.str1.4
                0x810131c4       0x78 binaries/ascdate.o
 .rodata.str1.4
                0x8101323c       0xe8 binaries/conf.o
 .rodata.str1.4
                0x81013324       0x61 binaries/getutime.o
                                 0x64 (size before relaxing)
 *fill*         0x81013385        0x3 
 .rodata.str1.4
                0x81013388      0x188 binaries/initialize.o
                                0x18c (size before relaxing)
 .rodata.str1.4
                0x81013510      0x175 binaries/main.o
                                0x178 (size before relaxing)
 *fill*         0x81013685        0x3 
 .rodata.str1.4
                0x81013688        0xf binaries/panic.o
                                 0x10 (size before relaxing)
 *fill*         0x81013697        0x1 
 .rodata.str1.4
                0x81013698       0x1d binaries/ptinit.o
                                 0x20 (size before relaxing)
 *fill*         0x810136b5        0x3 
 .rodata.str1.4
                0x810136b8       0x25 binaries/ptsend.o
                                 0x28 (size before relaxing)
 *fill*         0x810136dd        0x3 
 .rodata.str1.4
                0x810136e0       0x27 binaries/xdone.o
                                 0x28 (size before relaxing)
 *fill*         0x81013707        0x1 
 .rodata        0x81013708       0x84 binaries/ctype_.o
                0x81013708                _ctype_
 .rodata.str1.4
                0x8101378c       0x2f binaries/doprnt.o
                                 0x30 (size before relaxing)
 .rodata.str1.4
                0x00000000       0x30 binaries/fdoprnt.o
 *fill*         0x810137bb        0x1 
 .rodata.str1.4
                0x810137bc       0x86 binaries/naminit.o
                                 0x90 (size before relaxing)
 *fill*         0x81013842        0x2 
 .rodata.str1.4
                0x81013844       0xe5 binaries/ethinit.o
                                 0xe8 (size before relaxing)
 *fill*         0x81013929        0x3 
 .rodata.str1.4
                0x8101392c       0x12 binaries/ethread.o
                                 0x14 (size before relaxing)
 *fill*         0x8101393e        0x2 
 .rodata.str1.4
                0x81013940       0x2c binaries/rdsbufalloc.o
 .rodata.str1.4
                0x8101396c       0x76 binaries/rdscomm.o
                                 0x78 (size before relaxing)
 *fill*         0x810139e2        0x2 
 .rodata.str1.4
                0x810139e4       0x48 binaries/rdscontrol.o
 .rodata.str1.4
                0x81013a2c       0x96 binaries/rdsinit.o
                                 0x98 (size before relaxing)
 *fill*         0x81013ac2        0x2 
 .rodata.str1.4
                0x81013ac4       0x22 binaries/rdsopen.o
                                 0x24 (size before relaxing)
 *fill*         0x81013ae6        0x2 
 .rodata.str1.4
                0x81013ae8       0x4d binaries/rdsprocess.o
                                 0x50 (size before relaxing)
 *fill*         0x81013b35        0x3 
 .rodata.str1.4
                0x81013b38        0x9 binaries/raminit.o
                                  0xc (size before relaxing)
 *fill*         0x81013b41        0x3 
 .rodata.str1.4
                0x81013b44       0x37 binaries/lfdballoc.o
                                 0x38 (size before relaxing)
 *fill*         0x81013b7b        0x1 
 .rodata.str1.4
                0x81013b7c       0x14 binaries/lfiballoc.o
 .rodata.str1.4
                0x81013b90       0x23 binaries/lflcontrol.o
                                 0x24 (size before relaxing)
 *fill*         0x81013bb3        0x1 
 .rodata.str1.4
                0x81013bb4      0x11f binaries/lfsckfmt.o
                                0x120 (size before relaxing)
 *fill*         0x81013cd3        0x1 
 .rodata.str1.4
                0x81013cd4       0x2a binaries/lfsopen.o
                                 0x2c (size before relaxing)
 *fill*         0x81013cfe        0x2 
 .rodata.str1.4
                0x81013d00       0x21 binaries/rflread.o
                                 0x24 (size before relaxing)
 .rodata.str1.4
                0x00000000       0x24 binaries/rflwrite.o
 *fill*         0x81013d21        0x3 
 .rodata.str1.4
                0x81013d24       0x75 binaries/rfscomm.o
                                 0x78 (size before relaxing)
 *fill*         0x81013d99        0x3 
 .rodata.str1.4
                0x81013d9c       0x23 binaries/rfscontrol.o
                                 0x24 (size before relaxing)
 *fill*         0x81013dbf        0x1 
 .rodata.str1.4
                0x81013dc0       0x63 binaries/rfsinit.o
                                 0x64 (size before relaxing)
 *fill*         0x81013e23        0x1 
 .rodata.str1.4
                0x81013e24       0x2a binaries/rfsndmsg.o
                                 0x2c (size before relaxing)
 .rodata.str1.4
                0x00000000       0x24 binaries/rfsopen.o
 *fill*         0x81013e4e        0x2 
 .rodata.str1.4
                0x81013e50       0x3d binaries/arp.o
                                 0x40 (size before relaxing)
 *fill*         0x81013e8d        0x3 
 .rodata.str1.4
                0x81013e90       0xd3 binaries/dhcp.o
                                 0xd4 (size before relaxing)
 *fill*         0x81013f63        0x1 
 .rodata.str1.4
                0x81013f64       0x1a binaries/dns.o
                                 0x1c (size before relaxing)
 *fill*         0x81013f7e        0x2 
 .rodata.str1.4
                0x81013f80       0xca binaries/hexdump.o
                                 0xd8 (size before relaxing)
 *fill*         0x8101404a        0x2 
 .rodata.str1.4
                0x8101404c       0x29 binaries/icmp.o
                                 0x2c (size before relaxing)
 *fill*         0x81014075        0x3 
 .rodata.str1.4
                0x81014078       0x6e binaries/ip.o
                                 0x70 (size before relaxing)
 *fill*         0x810140e6        0x2 
 .rodata.str1.4
                0x810140e8       0x53 binaries/net.o
                                 0x54 (size before relaxing)
 *fill*         0x8101413b        0x1 
 .rodata.str1.4
                0x8101413c      0x292 binaries/pdump.o
                                0x298 (size before relaxing)
 *fill*         0x810143ce        0x2 
 .rodata.str1.4
                0x810143d0      0x154 binaries/tftp.o
                                0x158 (size before relaxing)
 .rodata        0x81014524       0xfc binaries/shell.o
                0x81014524                cmdtab
 .rodata.str1.4
                0x81014620      0x2e6 binaries/shell.o
                                0x2f0 (size before relaxing)
 *fill*         0x81014906        0x2 
 .rodata.str1.4
                0x81014908       0x29 binaries/xsh_argecho.o
                                 0x30 (size before relaxing)
 *fill*         0x81014931        0x3 
 .rodata.str1.4
                0x81014934      0x13e binaries/xsh_arp.o
                                0x144 (size before relaxing)
 *fill*         0x81014a72        0x2 
 .rodata.str1.4
                0x81014a74       0x81 binaries/xsh_cat.o
                                 0xd4 (size before relaxing)
 *fill*         0x81014af5        0x3 
 .rodata.str1.4
                0x81014af8       0x19 binaries/xsh_clear.o
                                 0x1c (size before relaxing)
 *fill*         0x81014b11        0x3 
 .rodata.str1.4
                0x81014b14      0x1af binaries/xsh_date.o
                                0x1cc (size before relaxing)
 *fill*         0x81014cc3        0x1 
 .rodata.str1.4
                0x81014cc4       0x61 binaries/xsh_devdump.o
                                 0x64 (size before relaxing)
 *fill*         0x81014d25        0x3 
 .rodata.str1.4
                0x81014d28        0x8 binaries/xsh_echo.o
                                  0xc (size before relaxing)
 .rodata.str1.4
                0x81014d30       0xe7 binaries/xsh_help.o
                                0x17c (size before relaxing)
 *fill*         0x81014e17        0x1 
 .rodata.str1.4
                0x81014e18       0xc8 binaries/xsh_kill.o
                                0x138 (size before relaxing)
 .rodata.str1.4
                0x81014ee0      0x226 binaries/xsh_memdump.o
                                0x27c (size before relaxing)
 *fill*         0x81015106        0x2 
 .rodata.str1.4
                0x81015108      0x1cc binaries/xsh_memstat.o
                                0x234 (size before relaxing)
 .rodata.str1.4
                0x810152d4      0x10f binaries/xsh_netinfo.o
                                0x1cc (size before relaxing)
 *fill*         0x810153e3        0x1 
 .rodata.str1.4
                0x810153e4      0x13f binaries/xsh_ping.o
                                0x1b4 (size before relaxing)
 *fill*         0x81015523        0x1 
 .rodata        0x81015524       0x20 binaries/xsh_ps.o
 .rodata.str1.4
                0x81015544      0x11a binaries/xsh_ps.o
                                0x1d4 (size before relaxing)
 *fill*         0x8101565e        0x2 
 .rodata.str1.4
                0x81015660       0x5e binaries/xsh_sleep.o
                                 0xf8 (size before relaxing)
 *fill*         0x810156be        0x2 
 .rodata        0x810156c0        0xc binaries/xsh_udpdump.o
 .rodata.str1.4
                0x810156cc      0x122 binaries/xsh_udpdump.o
                                0x1e0 (size before relaxing)
 *fill*         0x810157ee        0x2 
 .rodata.str1.4
                0x810157f0      0x1ae binaries/xsh_udpecho.o
                                0x224 (size before relaxing)
 *fill*         0x8101599e        0x2 
 .rodata.str1.4
                0x810159a0       0x97 binaries/xsh_udpserver.o
                                0x13c (size before relaxing)
 *fill*         0x81015a37        0x1 
 .rodata.str1.4
                0x81015a38       0x77 binaries/xsh_uptime.o
                                0x114 (size before relaxing)
 *fill*         0x81015aaf        0x1 
 .rodata.str1.4
                0x81015ab0        0xc binaries/ssdinit.o
                0x81015abc                etext = ABSOLUTE (.)
                0x81016000                . = ALIGN (0x1000)
 *fill*         0x81015abc      0x544 

.glue_7         0x81016000        0x0
 .glue_7        0x00000000        0x0 linker stubs

.glue_7t        0x81016000        0x0
 .glue_7t       0x00000000        0x0 linker stubs

.vfp11_veneer   0x81016000        0x0
 .vfp11_veneer  0x00000000        0x0 linker stubs

.v4_bx          0x81016000        0x0
 .v4_bx         0x00000000        0x0 linker stubs

.iplt           0x81016000        0x0
 .iplt          0x00000000        0x0 binaries/start.o

.rel.dyn        0x81016000        0x0
 .rel.iplt      0x00000000        0x0 binaries/start.o

.data           0x81016000     0x1000
                0x81016000                data = ABSOLUTE (.)
 *(.data .data.*)
 .data          0x81016000        0x0 binaries/start.o
 .data          0x81016000       0x88 binaries/ascdate.o
                0x81016000                Date
 .data          0x81016088        0x0 binaries/bufinit.o
 .data          0x81016088        0x0 binaries/chprio.o
 .data          0x81016088        0x4 binaries/clkhandler.o
 .data          0x8101608c        0x0 binaries/clkinit.o
 .data          0x8101608c        0x0 binaries/close.o
 .data          0x8101608c      0x6cc binaries/conf.o
                0x8101608c                devtab
 .data          0x81016758        0x0 binaries/control.o
 .data          0x81016758        0x4 binaries/create.o
 .data          0x8101675c       0x40 binaries/evec.o
                0x8101675c                expmsg2
                0x81016770                expmsg1
 .data          0x8101679c        0x0 binaries/exit.o
 .data          0x8101679c        0x0 binaries/freebuf.o
 .data          0x8101679c        0x0 binaries/freemem.o
 .data          0x8101679c        0x0 binaries/getbuf.o
 .data          0x8101679c        0x0 binaries/getc.o
 .data          0x8101679c        0x0 binaries/getdev.o
 .data          0x8101679c        0x0 binaries/getitem.o
 .data          0x8101679c        0x0 binaries/getmem.o
 .data          0x8101679c        0x0 binaries/getpid.o
 .data          0x8101679c        0x0 binaries/getprio.o
 .data          0x8101679c        0x0 binaries/getstk.o
 .data          0x8101679c        0x0 binaries/getticks.o
 .data          0x8101679c        0x0 binaries/gettime.o
 .data          0x8101679c        0x0 binaries/getutime.o
 .data          0x8101679c        0x0 binaries/init.o
 .data          0x8101679c        0x0 binaries/initialize.o
 .data          0x8101679c        0x0 binaries/insert.o
 .data          0x8101679c        0x0 binaries/insertd.o
 .data          0x8101679c        0x0 binaries/ioerr.o
 .data          0x8101679c        0x0 binaries/ionull.o
 .data          0x8101679c        0x0 binaries/kill.o
 .data          0x8101679c        0x0 binaries/kprintf.o
 .data          0x8101679c        0x0 binaries/main.o
 .data          0x8101679c        0x0 binaries/mark.o
 .data          0x8101679c        0x0 binaries/meminit.o
 .data          0x8101679c        0x0 binaries/mkbufpool.o
 .data          0x8101679c        0x2 binaries/newqueue.o
 .data          0x8101679e        0x0 binaries/open.o
 .data          0x8101679e        0x0 binaries/panic.o
 .data          0x8101679e        0x0 binaries/platinit.o
 .data          0x8101679e        0x0 binaries/ptclear.o
 .data          0x8101679e        0x0 binaries/ptcount.o
 .data          0x8101679e        0x0 binaries/ptcreate.o
 .data          0x8101679e        0x0 binaries/ptdelete.o
 .data          0x8101679e        0x0 binaries/ptinit.o
 .data          0x8101679e        0x0 binaries/ptrecv.o
 .data          0x8101679e        0x0 binaries/ptreset.o
 .data          0x8101679e        0x0 binaries/ptsend.o
 .data          0x8101679e        0x0 binaries/putc.o
 .data          0x8101679e        0x0 binaries/queue.o
 .data          0x8101679e        0x0 binaries/read.o
 .data          0x8101679e        0x0 binaries/ready.o
 .data          0x8101679e        0x0 binaries/receive.o
 .data          0x8101679e        0x0 binaries/recvclr.o
 .data          0x8101679e        0x0 binaries/recvtime.o
 .data          0x8101679e        0x0 binaries/resched.o
 .data          0x8101679e        0x0 binaries/resume.o
 .data          0x8101679e        0x0 binaries/seek.o
 .data          0x8101679e        0x0 binaries/semcount.o
 .data          0x8101679e        0x0 binaries/semcreate.o
 .data          0x8101679e        0x0 binaries/semdelete.o
 .data          0x8101679e        0x0 binaries/semreset.o
 .data          0x8101679e        0x0 binaries/send.o
 .data          0x8101679e        0x0 binaries/signal.o
 .data          0x8101679e        0x0 binaries/signaln.o
 .data          0x8101679e        0x0 binaries/sleep.o
 .data          0x8101679e        0x0 binaries/suspend.o
 .data          0x8101679e        0x0 binaries/unsleep.o
 .data          0x8101679e        0x0 binaries/userret.o
 .data          0x8101679e        0x0 binaries/wait.o
 .data          0x8101679e        0x0 binaries/wakeup.o
 .data          0x8101679e        0x0 binaries/write.o
 .data          0x8101679e        0x0 binaries/xdone.o
 .data          0x8101679e        0x0 binaries/yield.o
 .data          0x8101679e        0x0 binaries/abs.o
 .data          0x8101679e        0x0 binaries/atoi.o
 .data          0x8101679e        0x0 binaries/atol.o
 .data          0x8101679e        0x0 binaries/bzero.o
 .data          0x8101679e        0x0 binaries/ctype_.o
 .data          0x8101679e        0x0 binaries/doprnt.o
 *fill*         0x8101679e        0x2 
 .data          0x810167a0       0x80 binaries/doscan.o
                0x810167a0                _sctab
 .data          0x81016820        0x0 binaries/fdoprnt.o
 .data          0x81016820        0x0 binaries/fgetc.o
 .data          0x81016820        0x0 binaries/fgets.o
 .data          0x81016820        0x0 binaries/fprintf.o
 .data          0x81016820        0x0 binaries/fputc.o
 .data          0x81016820        0x0 binaries/fputs.o
 .data          0x81016820        0x0 binaries/fscanf.o
 .data          0x81016820        0x0 binaries/getchar.o
 .data          0x81016820        0x0 binaries/labs.o
 .data          0x81016820        0x0 binaries/memchr.o
 .data          0x81016820        0x0 binaries/memcmp.o
 .data          0x81016820        0x0 binaries/memcpy.o
 .data          0x81016820        0x0 binaries/memset.o
 .data          0x81016820        0x0 binaries/printf.o
 .data          0x81016820        0x0 binaries/putchar.o
 .data          0x81016820        0x0 binaries/qsort.o
 .data          0x81016820        0x4 binaries/rand.o
 .data          0x81016824        0x0 binaries/sprintf.o
 .data          0x81016824        0x0 binaries/sscanf.o
 .data          0x81016824        0x0 binaries/strchr.o
 .data          0x81016824        0x0 binaries/strcmp.o
 .data          0x81016824        0x0 binaries/strcpy.o
 .data          0x81016824        0x0 binaries/strlen.o
 .data          0x81016824        0x0 binaries/strncat.o
 .data          0x81016824        0x0 binaries/strncmp.o
 .data          0x81016824        0x0 binaries/strncpy.o
 .data          0x81016824        0x0 binaries/strnlen.o
 .data          0x81016824        0x0 binaries/strrchr.o
 .data          0x81016824        0x0 binaries/strstr.o
 .data          0x81016824        0x0 binaries/ttycontrol.o
 .data          0x81016824        0x0 binaries/ttygetc.o
 .data          0x81016824        0x0 binaries/ttyhandle_in.o
 .data          0x81016824        0x0 binaries/ttyhandle_out.o
 .data          0x81016824        0x0 binaries/ttyhandler.o
 .data          0x81016824        0x0 binaries/ttyinit.o
 .data          0x81016824        0x0 binaries/ttykickout.o
 .data          0x81016824        0x0 binaries/ttyputc.o
 .data          0x81016824        0x0 binaries/ttyread.o
 .data          0x81016824        0x0 binaries/ttywrite.o
 .data          0x81016824        0x0 binaries/mount.o
 .data          0x81016824        0x0 binaries/naminit.o
 .data          0x81016824        0x0 binaries/nammap.o
 .data          0x81016824        0x0 binaries/namopen.o
 .data          0x81016824        0x0 binaries/ethcontrol.o
 .data          0x81016824        0x0 binaries/ethhandler.o
 .data          0x81016824        0x0 binaries/ethinit.o
 .data          0x81016824        0x0 binaries/ethread.o
 .data          0x81016824        0x0 binaries/ethwrite.o
 .data          0x81016824        0x0 binaries/rdsbufalloc.o
 .data          0x81016824        0x0 binaries/rdsclose.o
 .data          0x81016824        0x0 binaries/rdscomm.o
 .data          0x81016824        0x0 binaries/rdscontrol.o
 .data          0x81016824        0x0 binaries/rdsinit.o
 .data          0x81016824        0x0 binaries/rdsopen.o
 .data          0x81016824        0x0 binaries/rdsprocess.o
 .data          0x81016824        0x0 binaries/rdsread.o
 .data          0x81016824        0x0 binaries/rdswrite.o
 .data          0x81016824        0x0 binaries/ramclose.o
 .data          0x81016824        0x0 binaries/raminit.o
 .data          0x81016824        0x0 binaries/ramopen.o
 .data          0x81016824        0x0 binaries/ramread.o
 .data          0x81016824        0x0 binaries/ramwrite.o
 .data          0x81016824        0x0 binaries/lfdballoc.o
 .data          0x81016824        0x0 binaries/lfdbfree.o
 .data          0x81016824        0x0 binaries/lfflush.o
 .data          0x81016824        0x0 binaries/lfgetmode.o
 .data          0x81016824        0x0 binaries/lfiballoc.o
 .data          0x81016824        0x0 binaries/lfibclear.o
 .data          0x81016824        0x0 binaries/lfibget.o
 .data          0x81016824        0x0 binaries/lfibput.o
 .data          0x81016824        0x0 binaries/lflclose.o
 .data          0x81016824        0x0 binaries/lflcontrol.o
 .data          0x81016824        0x0 binaries/lflgetc.o
 .data          0x81016824        0x0 binaries/lflinit.o
 .data          0x81016824        0x0 binaries/lflputc.o
 .data          0x81016824        0x0 binaries/lflread.o
 .data          0x81016824        0x0 binaries/lflseek.o
 .data          0x81016824        0x0 binaries/lflwrite.o
 .data          0x81016824        0x0 binaries/lfscheck.o
 .data          0x81016824        0x0 binaries/lfsckfmt.o
 .data          0x81016824        0x0 binaries/lfscreate.o
 .data          0x81016824        0x0 binaries/lfsetup.o
 .data          0x81016824        0x0 binaries/lfsinit.o
 .data          0x81016824        0x0 binaries/lfsopen.o
 .data          0x81016824        0x0 binaries/lftruncate.o
 .data          0x81016824        0x0 binaries/rflclose.o
 .data          0x81016824        0x0 binaries/rflgetc.o
 .data          0x81016824        0x0 binaries/rflinit.o
 .data          0x81016824        0x0 binaries/rflputc.o
 .data          0x81016824        0x0 binaries/rflread.o
 .data          0x81016824        0x0 binaries/rflseek.o
 .data          0x81016824        0x0 binaries/rflwrite.o
 .data          0x81016824        0x0 binaries/rfscomm.o
 .data          0x81016824        0x0 binaries/rfscontrol.o
 .data          0x81016824        0x0 binaries/rfsgetmode.o
 .data          0x81016824        0x0 binaries/rfsinit.o
 .data          0x81016824        0x0 binaries/rfsndmsg.o
 .data          0x81016824        0x0 binaries/rfsopen.o
 .data          0x81016824        0x0 binaries/spicontrol.o
 .data          0x81016824        0x0 binaries/spiinit.o
 .data          0x81016824        0x0 binaries/arp.o
 .data          0x81016824        0x0 binaries/dhcp.o
 .data          0x81016824        0x0 binaries/dns.o
 .data          0x81016824        0x0 binaries/dot2ip.o
 .data          0x81016824        0x0 binaries/hexdump.o
 .data          0x81016824        0x4 binaries/icmp.o
 .data          0x81016828        0x0 binaries/ip.o
 .data          0x81016828        0x0 binaries/net.o
 .data          0x81016828        0x0 binaries/pdump.o
 .data          0x81016828        0x0 binaries/tftp.o
 .data          0x81016828        0x4 binaries/udp.o
 .data          0x8101682c        0x0 binaries/addargs.o
 .data          0x8101682c        0x0 binaries/lexan.o
 .data          0x8101682c        0x4 binaries/shell.o
                0x8101682c                ncmd
 .data          0x81016830        0x0 binaries/xsh_argecho.o
 .data          0x81016830        0x0 binaries/xsh_arp.o
 .data          0x81016830        0x0 binaries/xsh_cat.o
 .data          0x81016830        0x0 binaries/xsh_clear.o
 .data          0x81016830        0x0 binaries/xsh_date.o
 .data          0x81016830        0x0 binaries/xsh_devdump.o
 .data          0x81016830        0x0 binaries/xsh_echo.o
 .data          0x81016830        0x0 binaries/xsh_exit.o
 .data          0x81016830        0x0 binaries/xsh_help.o
 .data          0x81016830        0x0 binaries/xsh_kill.o
 .data          0x81016830        0x0 binaries/xsh_memdump.o
 .data          0x81016830        0x0 binaries/xsh_memstat.o
 .data          0x81016830        0x0 binaries/xsh_netinfo.o
 .data          0x81016830        0x0 binaries/xsh_ping.o
 .data          0x81016830        0x0 binaries/xsh_ps.o
 .data          0x81016830        0x0 binaries/xsh_sleep.o
 .data          0x81016830        0x0 binaries/xsh_udpdump.o
 .data          0x81016830        0x0 binaries/xsh_udpecho.o
 .data          0x81016830        0x0 binaries/xsh_udpserver.o
 .data          0x81016830        0x0 binaries/xsh_uptime.o
 .data          0x81016830        0x0 binaries/ledinit.o
 .data          0x81016830        0x0 binaries/ledread.o
 .data          0x81016830        0x0 binaries/ledwrite.o
 .data          0x81016830        0x0 binaries/ssdinit.o
 .data          0x81016830        0x0 binaries/ssdwrite.o
 .data          0x81016830        0x0 binaries/tmpinit.o
 .data          0x81016830        0x0 binaries/tmpread.o
 .data          0x81016830        0x0 binaries/ctxsw.o
 .data          0x81016830        0x0 binaries/intr.o
 .data          0x81016830        0x0 ../cross_compiler/lib/gcc/arm-none-eabi/4.8.1//libgcc.a(_udivsi3.o)
 .data          0x81016830        0x0 ../cross_compiler/lib/gcc/arm-none-eabi/4.8.1//libgcc.a(_divsi3.o)
 .data          0x81016830        0x0 ../cross_compiler/lib/gcc/arm-none-eabi/4.8.1//libgcc.a(_dvmd_tls.o)
 .data          0x81016830        0x0 ../cross_compiler/lib/gcc/arm-none-eabi/4.8.1//libgcc.a(_arm_addsubdf3.o)
 .data          0x81016830        0x0 ../cross_compiler/lib/gcc/arm-none-eabi/4.8.1//libgcc.a(_arm_muldivdf3.o)
 .data          0x81016830        0x0 ../cross_compiler/lib/gcc/arm-none-eabi/4.8.1//libgcc.a(_arm_cmpdf2.o)
 .data          0x81016830        0x0 ../cross_compiler/lib/gcc/arm-none-eabi/4.8.1//libgcc.a(_arm_fixdfsi.o)
 .data          0x81016830        0x0 ../cross_compiler/lib/gcc/arm-none-eabi/4.8.1//libgcc.a(_arm_truncdfsf2.o)
 .data          0x81016830        0x0 ../cross_compiler/lib/gcc/arm-none-eabi/4.8.1//libgcc.a(_arm_fixunssfsi.o)
                0x81016830                edata = ABSOLUTE (.)
                0x81017000                . = ALIGN (0x1000)
 *fill*         0x81016830      0x7d0 

.igot.plt       0x81017000        0x0
 .igot.plt      0x00000000        0x0 binaries/start.o

.bss            0x81017000    0x20000
                0x81017000                bss = ABSOLUTE (.)
 *(.bss .bss.*)
 .bss           0x81017000        0x0 binaries/start.o
 .bss           0x81017000        0x0 binaries/ascdate.o
 .bss           0x81017000        0x0 binaries/bufinit.o
 .bss           0x81017000        0x0 binaries/chprio.o
 .bss           0x81017000        0x0 binaries/clkhandler.o
 .bss           0x81017000        0x4 binaries/clkinit.o
                0x81017000                ctr1000
 .bss           0x81017004        0x0 binaries/close.o
 .bss           0x81017004        0x0 binaries/conf.o
 .bss           0x81017004        0x0 binaries/control.o
 .bss           0x81017004        0x0 binaries/create.o
 .bss           0x81017004        0x0 binaries/evec.o
 .bss           0x81017004        0x0 binaries/exit.o
 .bss           0x81017004        0x0 binaries/freebuf.o
 .bss           0x81017004        0x0 binaries/freemem.o
 .bss           0x81017004        0x0 binaries/getbuf.o
 .bss           0x81017004        0x0 binaries/getc.o
 .bss           0x81017004        0x0 binaries/getdev.o
 .bss           0x81017004        0x0 binaries/getitem.o
 .bss           0x81017004        0x0 binaries/getmem.o
 .bss           0x81017004        0x0 binaries/getpid.o
 .bss           0x81017004        0x0 binaries/getprio.o
 .bss           0x81017004        0x0 binaries/getstk.o
 .bss           0x81017004        0x0 binaries/getticks.o
 .bss           0x81017004        0x0 binaries/gettime.o
 .bss           0x81017004        0x0 binaries/getutime.o
 .bss           0x81017004        0x0 binaries/init.o
 .bss           0x81017004        0x0 binaries/initialize.o
 .bss           0x81017004        0x0 binaries/insert.o
 .bss           0x81017004        0x0 binaries/insertd.o
 .bss           0x81017004        0x0 binaries/ioerr.o
 .bss           0x81017004        0x0 binaries/ionull.o
 .bss           0x81017004        0x0 binaries/kill.o
 .bss           0x81017004        0x0 binaries/kprintf.o
 .bss           0x81017004        0x0 binaries/main.o
 .bss           0x81017004        0x0 binaries/mark.o
 .bss           0x81017004        0x0 binaries/meminit.o
 .bss           0x81017004        0x0 binaries/mkbufpool.o
 .bss           0x81017004        0x0 binaries/newqueue.o
 .bss           0x81017004        0x0 binaries/open.o
 .bss           0x81017004        0x0 binaries/panic.o
 .bss           0x81017004        0x0 binaries/platinit.o
 .bss           0x81017004        0x0 binaries/ptclear.o
 .bss           0x81017004        0x0 binaries/ptcount.o
 .bss           0x81017004        0x0 binaries/ptcreate.o
 .bss           0x81017004        0x0 binaries/ptdelete.o
 .bss           0x81017004        0x0 binaries/ptinit.o
 .bss           0x81017004        0x0 binaries/ptrecv.o
 .bss           0x81017004        0x0 binaries/ptreset.o
 .bss           0x81017004        0x0 binaries/ptsend.o
 .bss           0x81017004        0x0 binaries/putc.o
 .bss           0x81017004        0x0 binaries/queue.o
 .bss           0x81017004        0x0 binaries/read.o
 .bss           0x81017004        0x0 binaries/ready.o
 .bss           0x81017004        0x0 binaries/receive.o
 .bss           0x81017004        0x0 binaries/recvclr.o
 .bss           0x81017004        0x0 binaries/recvtime.o
 .bss           0x81017004        0x0 binaries/resched.o
 .bss           0x81017004        0x0 binaries/resume.o
 .bss           0x81017004        0x0 binaries/seek.o
 .bss           0x81017004        0x0 binaries/semcount.o
 .bss           0x81017004        0x4 binaries/semcreate.o
 .bss           0x81017008        0x0 binaries/semdelete.o
 .bss           0x81017008        0x0 binaries/semreset.o
 .bss           0x81017008        0x0 binaries/send.o
 .bss           0x81017008        0x0 binaries/signal.o
 .bss           0x81017008        0x0 binaries/signaln.o
 .bss           0x81017008        0x0 binaries/sleep.o
 .bss           0x81017008        0x0 binaries/suspend.o
 .bss           0x81017008        0x0 binaries/unsleep.o
 .bss           0x81017008        0x0 binaries/userret.o
 .bss           0x81017008        0x0 binaries/wait.o
 .bss           0x81017008        0x0 binaries/wakeup.o
 .bss           0x81017008        0x0 binaries/write.o
 .bss           0x81017008        0x0 binaries/xdone.o
 .bss           0x81017008        0x0 binaries/yield.o
 .bss           0x81017008        0x0 binaries/abs.o
 .bss           0x81017008        0x0 binaries/atoi.o
 .bss           0x81017008        0x0 binaries/atol.o
 .bss           0x81017008        0x0 binaries/bzero.o
 .bss           0x81017008        0x0 binaries/ctype_.o
 .bss           0x81017008        0x0 binaries/doprnt.o
 .bss           0x81017008        0x0 binaries/doscan.o
 .bss           0x81017008        0x0 binaries/fdoprnt.o
 .bss           0x81017008        0x0 binaries/fgetc.o
 .bss           0x81017008        0x0 binaries/fgets.o
 .bss           0x81017008        0x0 binaries/fprintf.o
 .bss           0x81017008        0x0 binaries/fputc.o
 .bss           0x81017008        0x0 binaries/fputs.o
 .bss           0x81017008        0x0 binaries/fscanf.o
 .bss           0x81017008        0x0 binaries/getchar.o
 .bss           0x81017008        0x0 binaries/labs.o
 .bss           0x81017008        0x0 binaries/memchr.o
 .bss           0x81017008        0x0 binaries/memcmp.o
 .bss           0x81017008        0x0 binaries/memcpy.o
 .bss           0x81017008        0x0 binaries/memset.o
 .bss           0x81017008        0x0 binaries/printf.o
 .bss           0x81017008        0x0 binaries/putchar.o
 .bss           0x81017008        0x8 binaries/qsort.o
 .bss           0x81017010        0x0 binaries/rand.o
 .bss           0x81017010        0x0 binaries/sprintf.o
 .bss           0x81017010        0x0 binaries/sscanf.o
 .bss           0x81017010        0x0 binaries/strchr.o
 .bss           0x81017010        0x0 binaries/strcmp.o
 .bss           0x81017010        0x0 binaries/strcpy.o
 .bss           0x81017010        0x0 binaries/strlen.o
 .bss           0x81017010        0x0 binaries/strncat.o
 .bss           0x81017010        0x0 binaries/strncmp.o
 .bss           0x81017010        0x0 binaries/strncpy.o
 .bss           0x81017010        0x0 binaries/strnlen.o
 .bss           0x81017010        0x0 binaries/strrchr.o
 .bss           0x81017010        0x0 binaries/strstr.o
 .bss           0x81017010        0x0 binaries/ttycontrol.o
 .bss           0x81017010        0x0 binaries/ttygetc.o
 .bss           0x81017010        0x0 binaries/ttyhandle_in.o
 .bss           0x81017010        0x0 binaries/ttyhandle_out.o
 .bss           0x81017010        0x0 binaries/ttyhandler.o
 .bss           0x81017010        0x0 binaries/ttyinit.o
 .bss           0x81017010        0x0 binaries/ttykickout.o
 .bss           0x81017010        0x0 binaries/ttyputc.o
 .bss           0x81017010        0x0 binaries/ttyread.o
 .bss           0x81017010        0x0 binaries/ttywrite.o
 .bss           0x81017010        0x0 binaries/mount.o
 .bss           0x81017010        0x0 binaries/naminit.o
 .bss           0x81017010        0x0 binaries/nammap.o
 .bss           0x81017010        0x0 binaries/namopen.o
 .bss           0x81017010        0x0 binaries/ethcontrol.o
 .bss           0x81017010        0x0 binaries/ethhandler.o
 .bss           0x81017010        0x0 binaries/ethinit.o
 .bss           0x81017010        0x0 binaries/ethread.o
 .bss           0x81017010        0x0 binaries/ethwrite.o
 .bss           0x81017010        0x0 binaries/rdsbufalloc.o
 .bss           0x81017010        0x0 binaries/rdsclose.o
 .bss           0x81017010        0x0 binaries/rdscomm.o
 .bss           0x81017010        0x0 binaries/rdscontrol.o
 .bss           0x81017010        0x0 binaries/rdsinit.o
 .bss           0x81017010        0x0 binaries/rdsopen.o
 .bss           0x81017010        0x0 binaries/rdsprocess.o
 .bss           0x81017010        0x0 binaries/rdsread.o
 .bss           0x81017010        0x0 binaries/rdswrite.o
 .bss           0x81017010        0x0 binaries/ramclose.o
 .bss           0x81017010        0x0 binaries/raminit.o
 .bss           0x81017010        0x0 binaries/ramopen.o
 .bss           0x81017010        0x0 binaries/ramread.o
 .bss           0x81017010        0x0 binaries/ramwrite.o
 .bss           0x81017010        0x0 binaries/lfdballoc.o
 .bss           0x81017010        0x0 binaries/lfdbfree.o
 .bss           0x81017010        0x0 binaries/lfflush.o
 .bss           0x81017010        0x0 binaries/lfgetmode.o
 .bss           0x81017010        0x0 binaries/lfiballoc.o
 .bss           0x81017010        0x0 binaries/lfibclear.o
 .bss           0x81017010        0x0 binaries/lfibget.o
 .bss           0x81017010        0x0 binaries/lfibput.o
 .bss           0x81017010        0x0 binaries/lflclose.o
 .bss           0x81017010        0x0 binaries/lflcontrol.o
 .bss           0x81017010        0x0 binaries/lflgetc.o
 .bss           0x81017010        0x0 binaries/lflinit.o
 .bss           0x81017010        0x0 binaries/lflputc.o
 .bss           0x81017010        0x0 binaries/lflread.o
 .bss           0x81017010        0x0 binaries/lflseek.o
 .bss           0x81017010        0x0 binaries/lflwrite.o
 .bss           0x81017010        0x0 binaries/lfscheck.o
 .bss           0x81017010        0x0 binaries/lfsckfmt.o
 .bss           0x81017010        0x0 binaries/lfscreate.o
 .bss           0x81017010        0x0 binaries/lfsetup.o
 .bss           0x81017010        0x0 binaries/lfsinit.o
 .bss           0x81017010        0x0 binaries/lfsopen.o
 .bss           0x81017010        0x0 binaries/lftruncate.o
 .bss           0x81017010        0x0 binaries/rflclose.o
 .bss           0x81017010        0x0 binaries/rflgetc.o
 .bss           0x81017010        0x0 binaries/rflinit.o
 .bss           0x81017010        0x0 binaries/rflputc.o
 .bss           0x81017010        0x0 binaries/rflread.o
 .bss           0x81017010        0x0 binaries/rflseek.o
 .bss           0x81017010        0x0 binaries/rflwrite.o
 .bss           0x81017010        0x0 binaries/rfscomm.o
 .bss           0x81017010        0x0 binaries/rfscontrol.o
 .bss           0x81017010        0x0 binaries/rfsgetmode.o
 .bss           0x81017010        0x0 binaries/rfsinit.o
 .bss           0x81017010        0x0 binaries/rfsndmsg.o
 .bss           0x81017010        0x0 binaries/rfsopen.o
 .bss           0x81017010        0x0 binaries/spicontrol.o
 .bss           0x81017010        0x0 binaries/spiinit.o
 .bss           0x81017010        0x0 binaries/arp.o
 .bss           0x81017010        0x0 binaries/dhcp.o
 .bss           0x81017010        0x0 binaries/dns.o
 .bss           0x81017010        0x0 binaries/dot2ip.o
 .bss           0x81017010        0x0 binaries/hexdump.o
 .bss           0x81017010        0x0 binaries/icmp.o
 .bss           0x81017010        0x0 binaries/ip.o
 .bss           0x81017010        0x0 binaries/net.o
 .bss           0x81017010        0x0 binaries/pdump.o
 .bss           0x81017010        0x0 binaries/tftp.o
 .bss           0x81017010        0x0 binaries/udp.o
 .bss           0x81017010        0x0 binaries/addargs.o
 .bss           0x81017010        0x0 binaries/lexan.o
 .bss           0x81017010        0x0 binaries/shell.o
 .bss           0x81017010        0x0 binaries/xsh_argecho.o
 .bss           0x81017010        0x0 binaries/xsh_arp.o
 .bss           0x81017010        0x0 binaries/xsh_cat.o
 .bss           0x81017010        0x0 binaries/xsh_clear.o
 .bss           0x81017010        0x0 binaries/xsh_date.o
 .bss           0x81017010        0x0 binaries/xsh_devdump.o
 .bss           0x81017010        0x0 binaries/xsh_echo.o
 .bss           0x81017010        0x0 binaries/xsh_exit.o
 .bss           0x81017010        0x0 binaries/xsh_help.o
 .bss           0x81017010        0x0 binaries/xsh_kill.o
 .bss           0x81017010        0x0 binaries/xsh_memdump.o
 .bss           0x81017010        0x0 binaries/xsh_memstat.o
 .bss           0x81017010        0x0 binaries/xsh_netinfo.o
 .bss           0x81017010        0x4 binaries/xsh_ping.o
 .bss           0x81017014        0x0 binaries/xsh_ps.o
 .bss           0x81017014        0x0 binaries/xsh_sleep.o
 .bss           0x81017014        0x0 binaries/xsh_udpdump.o
 .bss           0x81017014        0x0 binaries/xsh_udpecho.o
 .bss           0x81017014        0x0 binaries/xsh_udpserver.o
 .bss           0x81017014        0x0 binaries/xsh_uptime.o
 .bss           0x81017014        0x0 binaries/ledinit.o
 .bss           0x81017014        0x0 binaries/ledread.o
 .bss           0x81017014        0x0 binaries/ledwrite.o
 .bss           0x81017014        0x0 binaries/ssdinit.o
 .bss           0x81017014        0x0 binaries/ssdwrite.o
 .bss           0x81017014        0x0 binaries/tmpinit.o
 .bss           0x81017014        0x0 binaries/tmpread.o
 .bss           0x81017014        0x0 binaries/ctxsw.o
 .bss           0x81017014        0x0 binaries/intr.o
 .bss           0x81017014        0x0 ../cross_compiler/lib/gcc/arm-none-eabi/4.8.1//libgcc.a(_udivsi3.o)
 .bss           0x81017014        0x0 ../cross_compiler/lib/gcc/arm-none-eabi/4.8.1//libgcc.a(_divsi3.o)
 .bss           0x81017014        0x0 ../cross_compiler/lib/gcc/arm-none-eabi/4.8.1//libgcc.a(_dvmd_tls.o)
 .bss           0x81017014        0x0 ../cross_compiler/lib/gcc/arm-none-eabi/4.8.1//libgcc.a(_arm_addsubdf3.o)
 .bss           0x81017014        0x0 ../cross_compiler/lib/gcc/arm-none-eabi/4.8.1//libgcc.a(_arm_muldivdf3.o)
 .bss           0x81017014        0x0 ../cross_compiler/lib/gcc/arm-none-eabi/4.8.1//libgcc.a(_arm_cmpdf2.o)
 .bss           0x81017014        0x0 ../cross_compiler/lib/gcc/arm-none-eabi/4.8.1//libgcc.a(_arm_fixdfsi.o)
 .bss           0x81017014        0x0 ../cross_compiler/lib/gcc/arm-none-eabi/4.8.1//libgcc.a(_arm_truncdfsf2.o)
 .bss           0x81017014        0x0 ../cross_compiler/lib/gcc/arm-none-eabi/4.8.1//libgcc.a(_arm_fixunssfsi.o)
 *(COMMON)
 COMMON         0x81017014       0xf4 binaries/bufinit.o
                0x81017014                buftab
                0x81017104                nbpools
 COMMON         0x81017108       0x10 binaries/clkinit.o
                0x81017108                sleepq
                0x8101710c                clktime_ms
                0x81017110                preempt
                0x81017114                clktime
 COMMON         0x81017118      0x200 binaries/evec.o
                0x81017118                intc_vector
 COMMON         0x81017318     0x1aa0 binaries/initialize.o
                0x81017318                currpid
                0x8101731c                proctab
                0x810188fc                prcount
                0x81018900                semtab
                0x81018db0                memlist
 COMMON         0x81018db8       0x58 binaries/mark.o
                0x81018db8                marks
                0x81018e08                nmarks
                0x81018e0c                mkmutex
 COMMON         0x81018e10        0x8 binaries/meminit.o
                0x81018e10                minheap
                0x81018e14                maxheap
 COMMON         0x81018e18      0x2d8 binaries/ptinit.o
                0x81018e18                porttab
                0x810190e8                ptnextid
                0x810190ec                ptfree
 COMMON         0x810190f0      0x980 binaries/queue.o
                0x810190f0                queuetab
 COMMON         0x81019a70        0x2 binaries/ready.o
                0x81019a70                readylist
 *fill*         0x81019a72        0x2 
 COMMON         0x81019a74        0x8 binaries/resched.o
                0x81019a74                Defer
 COMMON         0x81019a7c      0x110 binaries/ttyinit.o
                0x81019a7c                ttytab
 COMMON         0x81019b8c     0x19a4 binaries/naminit.o
                0x81019b8c                nnames
                0x81019b90                nametab
 COMMON         0x8101b530      0x154 binaries/ethinit.o
                0x8101b530                eth_a_regs
                0x8101b54c                ethertab
 COMMON         0x8101b684       0x8c binaries/rdsinit.o
                0x8101b684                rdstab
 COMMON         0x8101b710    0x19000 binaries/raminit.o
                0x8101b710                Ram
 COMMON         0x81034710      0xf00 binaries/lflinit.o
                0x81034710                lfltab
 COMMON         0x81035610      0x20c binaries/lfsinit.o
                0x81035610                Lf_data
 COMMON         0x8103581c      0x5a0 binaries/rflinit.o
                0x8103581c                rfltab
 COMMON         0x81035dbc       0x18 binaries/rfsinit.o
                0x81035dbc                Rf_data
 COMMON         0x81035dd4      0x140 binaries/arp.o
                0x81035dd4                arpcache
 COMMON         0x81035f14      0x230 binaries/icmp.o
                0x81035f14                icmptab
 COMMON         0x81036144       0x2c binaries/ip.o
                0x81036144                ipoqueue
 COMMON         0x81036170       0xb8 binaries/net.o
                0x81036170                netbufpool
                0x81036174                netportseed
                0x81036178                NetData
 COMMON         0x81036228      0x168 binaries/udp.o
                0x81036228                udptab
                0x81036390                ebss = ABSOLUTE (.)
                0x81037000                . = ALIGN (0x1000)
 *fill*         0x81036390      0xc70 
 */()
                0x81037000                end = ABSOLUTE (.)
                0x81037000                _end = ABSOLUTE (.)
                0x81037000                . = ALIGN (0x1000)
LOAD binaries/start.o
LOAD binaries/ascdate.o
LOAD binaries/bufinit.o
LOAD binaries/chprio.o
LOAD binaries/clkhandler.o
LOAD binaries/clkinit.o
LOAD binaries/close.o
LOAD binaries/conf.o
LOAD binaries/control.o
LOAD binaries/create.o
LOAD binaries/evec.o
LOAD binaries/exit.o
LOAD binaries/freebuf.o
LOAD binaries/freemem.o
LOAD binaries/getbuf.o
LOAD binaries/getc.o
LOAD binaries/getdev.o
LOAD binaries/getitem.o
LOAD binaries/getmem.o
LOAD binaries/getpid.o
LOAD binaries/getprio.o
LOAD binaries/getstk.o
LOAD binaries/getticks.o
LOAD binaries/gettime.o
LOAD binaries/getutime.o
LOAD binaries/init.o
LOAD binaries/initialize.o
LOAD binaries/insert.o
LOAD binaries/insertd.o
LOAD binaries/ioerr.o
LOAD binaries/ionull.o
LOAD binaries/kill.o
LOAD binaries/kprintf.o
LOAD binaries/main.o
LOAD binaries/mark.o
LOAD binaries/meminit.o
LOAD binaries/mkbufpool.o
LOAD binaries/newqueue.o
LOAD binaries/open.o
LOAD binaries/panic.o
LOAD binaries/platinit.o
LOAD binaries/ptclear.o
LOAD binaries/ptcount.o
LOAD binaries/ptcreate.o
LOAD binaries/ptdelete.o
LOAD binaries/ptinit.o
LOAD binaries/ptrecv.o
LOAD binaries/ptreset.o
LOAD binaries/ptsend.o
LOAD binaries/putc.o
LOAD binaries/queue.o
[...]
                0x00001e2a       0x35 binaries/lfflush.o
 .ARM.attributes
                0x00001e5f       0x35 binaries/lfgetmode.o
 .ARM.attributes
                0x00001e94       0x35 binaries/lfiballoc.o
 .ARM.attributes
                0x00001ec9       0x35 binaries/lfibclear.o
 .ARM.attributes
                0x00001efe       0x35 binaries/lfibget.o
 .ARM.attributes
                0x00001f33       0x35 binaries/lfibput.o
 .ARM.attributes
                0x00001f68       0x35 binaries/lflclose.o
 .ARM.attributes
                0x00001f9d       0x35 binaries/lflcontrol.o
 .ARM.attributes
                0x00001fd2       0x35 binaries/lflgetc.o
 .ARM.attributes
                0x00002007       0x35 binaries/lflinit.o
 .ARM.attributes
                0x0000203c       0x35 binaries/lflputc.o
 .ARM.attributes
                0x00002071       0x35 binaries/lflread.o
 .ARM.attributes
                0x000020a6       0x35 binaries/lflseek.o
 .ARM.attributes
                0x000020db       0x35 binaries/lflwrite.o
 .ARM.attributes
                0x00002110       0x35 binaries/lfscheck.o
 .ARM.attributes
                0x00002145       0x35 binaries/lfsckfmt.o
 .ARM.attributes
                0x0000217a       0x35 binaries/lfscreate.o
 .ARM.attributes
                0x000021af       0x35 binaries/lfsetup.o
 .ARM.attributes
                0x000021e4       0x35 binaries/lfsinit.o
 .ARM.attributes
                0x00002219       0x35 binaries/lfsopen.o
 .ARM.attributes
                0x0000224e       0x35 binaries/lftruncate.o
 .ARM.attributes
                0x00002283       0x35 binaries/rflclose.o
 .ARM.attributes
                0x000022b8       0x35 binaries/rflgetc.o
 .ARM.attributes
                0x000022ed       0x35 binaries/rflinit.o
 .ARM.attributes
                0x00002322       0x35 binaries/rflputc.o
 .ARM.attributes
                0x00002357       0x35 binaries/rflread.o
 .ARM.attributes
                0x0000238c       0x35 binaries/rflseek.o
 .ARM.attributes
                0x000023c1       0x35 binaries/rflwrite.o
 .ARM.attributes
                0x000023f6       0x35 binaries/rfscomm.o
 .ARM.attributes
                0x0000242b       0x35 binaries/rfscontrol.o
 .ARM.attributes
                0x00002460       0x35 binaries/rfsgetmode.o
 .ARM.attributes
                0x00002495       0x35 binaries/rfsinit.o
 .ARM.attributes
                0x000024ca       0x35 binaries/rfsndmsg.o
 .ARM.attributes
                0x000024ff       0x35 binaries/rfsopen.o
 .ARM.attributes
                0x00002534       0x35 binaries/spicontrol.o
 .ARM.attributes
                0x00002569       0x35 binaries/spiinit.o
 .ARM.attributes
                0x0000259e       0x35 binaries/arp.o
 .ARM.attributes
                0x000025d3       0x35 binaries/dhcp.o
 .ARM.attributes
                0x00002608       0x35 binaries/dns.o
 .ARM.attributes
                0x0000263d       0x35 binaries/dot2ip.o
 .ARM.attributes
                0x00002672       0x35 binaries/hexdump.o
 .ARM.attributes
                0x000026a7       0x35 binaries/icmp.o
 .ARM.attributes
                0x000026dc       0x35 binaries/ip.o
 .ARM.attributes
                0x00002711       0x35 binaries/net.o
 .ARM.attributes
                0x00002746       0x35 binaries/pdump.o
 .ARM.attributes
                0x0000277b       0x35 binaries/tftp.o
 .ARM.attributes
                0x000027b0       0x35 binaries/udp.o
 .ARM.attributes
                0x000027e5       0x35 binaries/addargs.o
 .ARM.attributes
                0x0000281a       0x35 binaries/lexan.o
 .ARM.attributes
                0x0000284f       0x35 binaries/shell.o
 .ARM.attributes
                0x00002884       0x35 binaries/xsh_argecho.o
 .ARM.attributes
                0x000028b9       0x35 binaries/xsh_arp.o
 .ARM.attributes
                0x000028ee       0x35 binaries/xsh_cat.o
 .ARM.attributes
                0x00002923       0x35 binaries/xsh_clear.o
 .ARM.attributes
                0x00002958       0x35 binaries/xsh_date.o
 .ARM.attributes
                0x0000298d       0x35 binaries/xsh_devdump.o
 .ARM.attributes
                0x000029c2       0x35 binaries/xsh_echo.o
 .ARM.attributes
                0x000029f7       0x35 binaries/xsh_exit.o
 .ARM.attributes
                0x00002a2c       0x35 binaries/xsh_help.o
 .ARM.attributes
                0x00002a61       0x35 binaries/xsh_kill.o
 .ARM.attributes
                0x00002a96       0x35 binaries/xsh_memdump.o
 .ARM.attributes
                0x00002acb       0x35 binaries/xsh_memstat.o
 .ARM.attributes
                0x00002b00       0x35 binaries/xsh_netinfo.o
 .ARM.attributes
                0x00002b35       0x35 binaries/xsh_ping.o
 .ARM.attributes
                0x00002b6a       0x35 binaries/xsh_ps.o
 .ARM.attributes
                0x00002b9f       0x35 binaries/xsh_sleep.o
 .ARM.attributes
                0x00002bd4       0x35 binaries/xsh_udpdump.o
 .ARM.attributes
                0x00002c09       0x35 binaries/xsh_udpecho.o
 .ARM.attributes
                0x00002c3e       0x35 binaries/xsh_udpserver.o
 .ARM.attributes
                0x00002c73       0x35 binaries/xsh_uptime.o
 .ARM.attributes
                0x00002ca8       0x35 binaries/ledinit.o
 .ARM.attributes
                0x00002cdd       0x35 binaries/ledread.o
 .ARM.attributes
                0x00002d12       0x35 binaries/ledwrite.o
 .ARM.attributes
                0x00002d47       0x35 binaries/ssdinit.o
 .ARM.attributes
                0x00002d7c       0x35 binaries/ssdwrite.o
 .ARM.attributes
                0x00002db1       0x35 binaries/tmpinit.o
 .ARM.attributes
                0x00002de6       0x35 binaries/tmpread.o
 .ARM.attributes
                0x00002e1b       0x25 binaries/ctxsw.o
 .ARM.attributes
                0x00002e40       0x25 binaries/intr.o
 .ARM.attributes
                0x00002e65       0x18 ../cross_compiler/lib/gcc/arm-none-eabi/4.8.1//libgcc.a(_udivsi3.o)
 .ARM.attributes
                0x00002e7d       0x18 ../cross_compiler/lib/gcc/arm-none-eabi/4.8.1//libgcc.a(_divsi3.o)
 .ARM.attributes
                0x00002e95       0x18 ../cross_compiler/lib/gcc/arm-none-eabi/4.8.1//libgcc.a(_dvmd_tls.o)
 .ARM.attributes
                0x00002ead       0x18 ../cross_compiler/lib/gcc/arm-none-eabi/4.8.1//libgcc.a(_arm_addsubdf3.o)
 .ARM.attributes
                0x00002ec5       0x18 ../cross_compiler/lib/gcc/arm-none-eabi/4.8.1//libgcc.a(_arm_muldivdf3.o)
 .ARM.attributes
                0x00002edd       0x18 ../cross_compiler/lib/gcc/arm-none-eabi/4.8.1//libgcc.a(_arm_cmpdf2.o)
 .ARM.attributes
                0x00002ef5       0x18 ../cross_compiler/lib/gcc/arm-none-eabi/4.8.1//libgcc.a(_arm_fixdfsi.o)
 .ARM.attributes
                0x00002f0d       0x18 ../cross_compiler/lib/gcc/arm-none-eabi/4.8.1//libgcc.a(_arm_truncdfsf2.o)
 .ARM.attributes
                0x00002f25       0x18 ../cross_compiler/lib/gcc/arm-none-eabi/4.8.1//libgcc.a(_arm_fixunssfsi.o)

.comment        0x00000000       0x30
 .comment       0x00000000       0x30 binaries/ascdate.o
                                 0x31 (size before relaxing)
 .comment       0x00000000       0x31 binaries/bufinit.o
 .comment       0x00000000       0x31 binaries/chprio.o
 .comment       0x00000000       0x31 binaries/clkhandler.o
 .comment       0x00000000       0x31 binaries/clkinit.o
 .comment       0x00000000       0x31 binaries/close.o
 .comment       0x00000000       0x31 binaries/conf.o
 .comment       0x00000000       0x31 binaries/control.o
 .comment       0x00000000       0x31 binaries/create.o
 .comment       0x00000000       0x31 binaries/evec.o
 .comment       0x00000000       0x31 binaries/exit.o
 .comment       0x00000000       0x31 binaries/freebuf.o
 .comment       0x00000000       0x31 binaries/freemem.o
 .comment       0x00000000       0x31 binaries/getbuf.o
 .comment       0x00000000       0x31 binaries/getc.o
 .comment       0x00000000       0x31 binaries/getdev.o
 .comment       0x00000000       0x31 binaries/getitem.o
 .comment       0x00000000       0x31 binaries/getmem.o
 .comment       0x00000000       0x31 binaries/getpid.o
 .comment       0x00000000       0x31 binaries/getprio.o
 .comment       0x00000000       0x31 binaries/getstk.o
 .comment       0x00000000       0x31 binaries/getticks.o
 .comment       0x00000000       0x31 binaries/gettime.o
 .comment       0x00000000       0x31 binaries/getutime.o
 .comment       0x00000000       0x31 binaries/init.o
 .comment       0x00000000       0x31 binaries/initialize.o
 .comment       0x00000000       0x31 binaries/insert.o
 .comment       0x00000000       0x31 binaries/insertd.o
 .comment       0x00000000       0x31 binaries/ioerr.o
 .comment       0x00000000       0x31 binaries/ionull.o
 .comment       0x00000000       0x31 binaries/kill.o
 .comment       0x00000000       0x31 binaries/kprintf.o
 .comment       0x00000000       0x31 binaries/main.o
 .comment       0x00000000       0x31 binaries/mark.o
 .comment       0x00000000       0x31 binaries/meminit.o
 .comment       0x00000000       0x31 binaries/mkbufpool.o
 .comment       0x00000000       0x31 binaries/newqueue.o
 .comment       0x00000000       0x31 binaries/open.o
 .comment       0x00000000       0x31 binaries/panic.o
 .comment       0x00000000       0x31 binaries/platinit.o
 .comment       0x00000000       0x31 binaries/ptclear.o
 .comment       0x00000000       0x31 binaries/ptcount.o
 .comment       0x00000000       0x31 binaries/ptcreate.o
 .comment       0x00000000       0x31 binaries/ptdelete.o
 .comment       0x00000000       0x31 binaries/ptinit.o
 .comment       0x00000000       0x31 binaries/ptrecv.o
 .comment       0x00000000       0x31 binaries/ptreset.o
 .comment       0x00000000       0x31 binaries/ptsend.o
 .comment       0x00000000       0x31 binaries/putc.o
 .comment       0x00000000       0x31 binaries/queue.o
 .comment       0x00000000       0x31 binaries/read.o
 .comment       0x00000000       0x31 binaries/ready.o
 .comment       0x00000000       0x31 binaries/receive.o
 .comment       0x00000000       0x31 binaries/recvclr.o
 .comment       0x00000000       0x31 binaries/recvtime.o
 .comment       0x00000000       0x31 binaries/resched.o
 .comment       0x00000000       0x31 binaries/resume.o
 .comment       0x00000000       0x31 binaries/seek.o
 .comment       0x00000000       0x31 binaries/semcount.o
 .comment       0x00000000       0x31 binaries/semcreate.o
 .comment       0x00000000       0x31 binaries/semdelete.o
 .comment       0x00000000       0x31 binaries/semreset.o
 .comment       0x00000000       0x31 binaries/send.o
 .comment       0x00000000       0x31 binaries/signal.o
 .comment       0x00000000       0x31 binaries/signaln.o
 .comment       0x00000000       0x31 binaries/sleep.o
 .comment       0x00000000       0x31 binaries/suspend.o
 .comment       0x00000000       0x31 binaries/unsleep.o
 .comment       0x00000000       0x31 binaries/userret.o
 .comment       0x00000000       0x31 binaries/wait.o
 .comment       0x00000000       0x31 binaries/wakeup.o
 .comment       0x00000000       0x31 binaries/write.o
 .comment       0x00000000       0x31 binaries/xdone.o
 .comment       0x00000000       0x31 binaries/yield.o
 .comment       0x00000000       0x31 binaries/abs.o
 .comment       0x00000000       0x31 binaries/atoi.o
 .comment       0x00000000       0x31 binaries/atol.o
 .comment       0x00000000       0x31 binaries/bzero.o
 .comment       0x00000000       0x31 binaries/ctype_.o
 .comment       0x00000000       0x31 binaries/doprnt.o
 .comment       0x00000000       0x31 binaries/doscan.o
 .comment       0x00000000       0x31 binaries/fdoprnt.o
 .comment       0x00000000       0x31 binaries/fgetc.o
 .comment       0x00000000       0x31 binaries/fgets.o
 .comment       0x00000000       0x31 binaries/fprintf.o
 .comment       0x00000000       0x31 binaries/fputc.o
 .comment       0x00000000       0x31 binaries/fputs.o
 .comment       0x00000000       0x31 binaries/fscanf.o
 .comment       0x00000000       0x31 binaries/getchar.o
 .comment       0x00000000       0x31 binaries/labs.o
 .comment       0x00000000       0x31 binaries/memchr.o
 .comment       0x00000000       0x31 binaries/memcmp.o
 .comment       0x00000000       0x31 binaries/memcpy.o
 .comment       0x00000000       0x31 binaries/memset.o
 .comment       0x00000000       0x31 binaries/printf.o
 .comment       0x00000000       0x31 binaries/putchar.o
 .comment       0x00000000       0x31 binaries/qsort.o
 .comment       0x00000000       0x31 binaries/rand.o
 .comment       0x00000000       0x31 binaries/sprintf.o
 .comment       0x00000000       0x31 binaries/sscanf.o
 .comment       0x00000000       0x31 binaries/strchr.o
 .comment       0x00000000       0x31 binaries/strcmp.o
 .comment       0x00000000       0x31 binaries/strcpy.o
 .comment       0x00000000       0x31 binaries/strlen.o
 .comment       0x00000000       0x31 binaries/strncat.o
 .comment       0x00000000       0x31 binaries/strncmp.o
 .comment       0x00000000       0x31 binaries/strncpy.o
 .comment       0x00000000       0x31 binaries/strnlen.o
 .comment       0x00000000       0x31 binaries/strrchr.o
 .comment       0x00000000       0x31 binaries/strstr.o
 .comment       0x00000000       0x31 binaries/ttycontrol.o
 .comment       0x00000000       0x31 binaries/ttygetc.o
 .comment       0x00000000       0x31 binaries/ttyhandle_in.o
 .comment       0x00000000       0x31 binaries/ttyhandle_out.o
 .comment       0x00000000       0x31 binaries/ttyhandler.o
 .comment       0x00000000       0x31 binaries/ttyinit.o
 .comment       0x00000000       0x31 binaries/ttykickout.o
 .comment       0x00000000       0x31 binaries/ttyputc.o
 .comment       0x00000000       0x31 binaries/ttyread.o
 .comment       0x00000000       0x31 binaries/ttywrite.o
 .comment       0x00000000       0x31 binaries/mount.o
 .comment       0x00000000       0x31 binaries/naminit.o
 .comment       0x00000000       0x31 binaries/nammap.o
 .comment       0x00000000       0x31 binaries/namopen.o
 .comment       0x00000000       0x31 binaries/ethcontrol.o
 .comment       0x00000000       0x31 binaries/ethhandler.o
 .comment       0x00000000       0x31 binaries/ethinit.o
 .comment       0x00000000       0x31 binaries/ethread.o
 .comment       0x00000000       0x31 binaries/ethwrite.o
 .comment       0x00000000       0x31 binaries/rdsbufalloc.o
 .comment       0x00000000       0x31 binaries/rdsclose.o
 .comment       0x00000000       0x31 binaries/rdscomm.o
 .comment       0x00000000       0x31 binaries/rdscontrol.o
 .comment       0x00000000       0x31 binaries/rdsinit.o
 .comment       0x00000000       0x31 binaries/rdsopen.o
 .comment       0x00000000       0x31 binaries/rdsprocess.o
 .comment       0x00000000       0x31 binaries/rdsread.o
 .comment       0x00000000       0x31 binaries/rdswrite.o
 .comment       0x00000000       0x31 binaries/ramclose.o
 .comment       0x00000000       0x31 binaries/raminit.o
 .comment       0x00000000       0x31 binaries/ramopen.o
 .comment       0x00000000       0x31 binaries/ramread.o
 .comment       0x00000000       0x31 binaries/ramwrite.o
 .comment       0x00000000       0x31 binaries/lfdballoc.o
 .comment       0x00000000       0x31 binaries/lfdbfree.o
 .comment       0x00000000       0x31 binaries/lfflush.o
 .comment       0x00000000       0x31 binaries/lfgetmode.o
 .comment       0x00000000       0x31 binaries/lfiballoc.o
 .comment       0x00000000       0x31 binaries/lfibclear.o
 .comment       0x00000000       0x31 binaries/lfibget.o
 .comment       0x00000000       0x31 binaries/lfibput.o
 .comment       0x00000000       0x31 binaries/lflclose.o
 .comment       0x00000000       0x31 binaries/lflcontrol.o
 .comment       0x00000000       0x31 binaries/lflgetc.o
 .comment       0x00000000       0x31 binaries/lflinit.o
 .comment       0x00000000       0x31 binaries/lflputc.o
 .comment       0x00000000       0x31 binaries/lflread.o
 .comment       0x00000000       0x31 binaries/lflseek.o
 .comment       0x00000000       0x31 binaries/lflwrite.o
 .comment       0x00000000       0x31 binaries/lfscheck.o
 .comment       0x00000000       0x31 binaries/lfsckfmt.o
 .comment       0x00000000       0x31 binaries/lfscreate.o
 .comment       0x00000000       0x31 binaries/lfsetup.o
 .comment       0x00000000       0x31 binaries/lfsinit.o
 .comment       0x00000000       0x31 binaries/lfsopen.o
 .comment       0x00000000       0x31 binaries/lftruncate.o
 .comment       0x00000000       0x31 binaries/rflclose.o
 .comment       0x00000000       0x31 binaries/rflgetc.o
 .comment       0x00000000       0x31 binaries/rflinit.o
 .comment       0x00000000       0x31 binaries/rflputc.o
 .comment       0x00000000       0x31 binaries/rflread.o
 .comment       0x00000000       0x31 binaries/rflseek.o
 .comment       0x00000000       0x31 binaries/rflwrite.o
 .comment       0x00000000       0x31 binaries/rfscomm.o
 .comment       0x00000000       0x31 binaries/rfscontrol.o
 .comment       0x00000000       0x31 binaries/rfsgetmode.o
 .comment       0x00000000       0x31 binaries/rfsinit.o
 .comment       0x00000000       0x31 binaries/rfsndmsg.o
 .comment       0x00000000       0x31 binaries/rfsopen.o
 .comment       0x00000000       0x31 binaries/spicontrol.o
 .comment       0x00000000       0x31 binaries/spiinit.o
 .comment       0x00000000       0x31 binaries/arp.o
 .comment       0x00000000       0x31 binaries/dhcp.o
 .comment       0x00000000       0x31 binaries/dns.o
 .comment       0x00000000       0x31 binaries/dot2ip.o
 .comment       0x00000000       0x31 binaries/hexdump.o
 .comment       0x00000000       0x31 binaries/icmp.o
 .comment       0x00000000       0x31 binaries/ip.o
 .comment       0x00000000       0x31 binaries/net.o
 .comment       0x00000000       0x31 binaries/pdump.o
 .comment       0x00000000       0x31 binaries/tftp.o
 .comment       0x00000000       0x31 binaries/udp.o
 .comment       0x00000000       0x31 binaries/addargs.o
 .comment       0x00000000       0x31 binaries/lexan.o
 .comment       0x00000000       0x31 binaries/shell.o
 .comment       0x00000000       0x31 binaries/xsh_argecho.o
 .comment       0x00000000       0x31 binaries/xsh_arp.o
 .comment       0x00000000       0x31 binaries/xsh_cat.o
 .comment       0x00000000       0x31 binaries/xsh_clear.o
 .comment       0x00000000       0x31 binaries/xsh_date.o
 .comment       0x00000000       0x31 binaries/xsh_devdump.o
 .comment       0x00000000       0x31 binaries/xsh_echo.o
 .comment       0x00000000       0x31 binaries/xsh_exit.o
 .comment       0x00000000       0x31 binaries/xsh_help.o
 .comment       0x00000000       0x31 binaries/xsh_kill.o
 .comment       0x00000000       0x31 binaries/xsh_memdump.o
 .comment       0x00000000       0x31 binaries/xsh_memstat.o
 .comment       0x00000000       0x31 binaries/xsh_netinfo.o
 .comment       0x00000000       0x31 binaries/xsh_ping.o
 .comment       0x00000000       0x31 binaries/xsh_ps.o
 .comment       0x00000000       0x31 binaries/xsh_sleep.o
 .comment       0x00000000       0x31 binaries/xsh_udpdump.o
 .comment       0x00000000       0x31 binaries/xsh_udpecho.o
 .comment       0x00000000       0x31 binaries/xsh_udpserver.o
 .comment       0x00000000       0x31 binaries/xsh_uptime.o
 .comment       0x00000000       0x31 binaries/ledinit.o
 .comment       0x00000000       0x31 binaries/ledread.o
 .comment       0x00000000       0x31 binaries/ledwrite.o
 .comment       0x00000000       0x31 binaries/ssdinit.o
 .comment       0x00000000       0x31 binaries/ssdwrite.o
 .comment       0x00000000       0x31 binaries/tmpinit.o
 .comment       0x00000000       0x31 binaries/tmpread.o

.debug_frame    0x00000000       0x40
 .debug_frame   0x00000000       0x20 ../cross_compiler/lib/gcc/arm-none-eabi/4.8.1//libgcc.a(_udivsi3.o)
 .debug_frame   0x00000020       0x20 ../cross_compiler/lib/gcc/arm-none-eabi/4.8.1//libgcc.a(_divsi3.o)
